[2026-05-16 02:10:14] [32minfo[39m: [32mKoneksi database berhasil[39m
[2026-05-16 02:10:14] [32minfo[39m: [32mServer berjalan di http://localhost:3000[39m
[2026-05-16 02:10:14] [32minfo[39m: [32mEnvironment: development[39m
[2026-05-16 02:10:26] [32minfo[39m: [32mKoneksi database berhasil[39m
[2026-05-16 02:10:26] [32minfo[39m: [32mServer berjalan di http://localhost:3000[39m
[2026-05-16 02:10:26] [32minfo[39m: [32mEnvironment: development[39m
[2026-05-16 02:10:29] [32mhttp[39m: [32m[0mGET / [31m500[0m 3.047 ms - 57[0m[39m
[2026-05-16 02:10:30] [32mhttp[39m: [32m[0mGET /favicon.ico [31m500[0m 0.379 ms - 68[0m[39m
[2026-05-16 02:13:02] [32mhttp[39m: [32m[0mGET /api/health [31m500[0m 0.542 ms - 67[0m[39m
[2026-05-16 02:13:35] [32minfo[39m: [32mKoneksi database berhasil[39m
[2026-05-16 02:13:35] [32minfo[39m: [32mServer berjalan di http://localhost:3000[39m
[2026-05-16 02:13:35] [32minfo[39m: [32mEnvironment: development[39m
[2026-05-16 02:14:11] [32minfo[39m: [32mKoneksi database berhasil[39m
[2026-05-16 02:14:11] [32minfo[39m: [32mServer berjalan di http://localhost:3000[39m
[2026-05-16 02:14:11] [32minfo[39m: [32mEnvironment: development[39m
[2026-05-16 02:14:18] [32mhttp[39m: [32m[0mGET /api/health [32m200[0m 2.819 ms - 113[0m[39m
[2026-05-16 02:15:00] [32minfo[39m: [32mMematikan server...[39m
[2026-05-16 02:21:36] [32minfo[39m: [32mKoneksi database berhasil[39m
[2026-05-16 02:21:36] [32minfo[39m: [32mServer berjalan di http://localhost:3000[39m
[2026-05-16 02:21:36] [32minfo[39m: [32mEnvironment: development[39m
[2026-05-16 02:23:12] [32minfo[39m: [32mMematikan server...[39m
[2026-05-16 02:31:03] [32minfo[39m: [32mKoneksi database berhasil[39m
[2026-05-16 02:31:03] [32minfo[39m: [32mServer berjalan di http://localhost:3000[39m
[2026-05-16 02:31:03] [32minfo[39m: [32mEnvironment: development[39m
[2026-05-16 02:31:11] [32mhttp[39m: [32m[0mGET /api/health [32m200[0m 2.674 ms - 113[0m[39m
[2026-05-16 02:31:16] [32mhttp[39m: [32m[0mGET / [31m500[0m 0.795 ms - 57[0m[39m
[2026-05-16 02:32:21] [32minfo[39m: [32mMematikan server...[39m
[2026-05-16 02:32:25] [32minfo[39m: [32mKoneksi database berhasil[39m
[2026-05-16 02:32:25] [32minfo[39m: [32mServer berjalan di http://localhost:3000[39m
[2026-05-16 02:32:25] [32minfo[39m: [32mEnvironment: development[39m
[2026-05-16 02:46:49] [32minfo[39m: [32mKoneksi database berhasil[39m
[2026-05-16 02:46:49] [32minfo[39m: [32mServer berjalan di http://localhost:3000[39m
[2026-05-16 02:46:49] [32minfo[39m: [32mEnvironment: development[39m
[2026-05-16 02:46:51] [32minfo[39m: [32mMematikan server...[39m
[2026-05-16 02:46:57] [32minfo[39m: [32mKoneksi database berhasil[39m
[2026-05-16 02:46:57] [32minfo[39m: [32mServer berjalan di http://localhost:3000[39m
[2026-05-16 02:46:57] [32minfo[39m: [32mEnvironment: development[39m
[2026-05-16 02:47:02] [32mhttp[39m: [32m[0mGET /api/health [32m200[0m 3.043 ms - 113[0m[39m
[2026-05-16 02:47:04] [32mhttp[39m: [32m[0mGET / [31m500[0m 0.585 ms - 57[0m[39m
[2026-05-16 02:47:16] [32minfo[39m: [32mMematikan server...[39m
[2026-05-16 22:56:50] [32minfo[39m: [32mKoneksi database berhasil[39m
[2026-05-16 22:56:50] [32minfo[39m: [32mServer berjalan di http://localhost:3000[39m
[2026-05-16 22:56:50] [32minfo[39m: [32mEnvironment: development[39m
[2026-05-16 22:59:59] [31merror[39m: [31mUnexpected end of JSON input[39m
SyntaxError: Unexpected end of JSON input
    at JSON.parse (<anonymous>)
    at createStrictSyntaxError (E:\Kodingan Taso\node_modules\body-parser\lib\types\json.js:109:10)
    at parse (E:\Kodingan Taso\node_modules\body-parser\lib\types\json.js:66:15)
    at E:\Kodingan Taso\node_modules\body-parser\lib\read.js:162:18
    at AsyncResource.runInAsyncScope (node:async_hooks:211:14)
    at invokeCallback (E:\Kodingan Taso\node_modules\raw-body\index.js:238:16)
    at done (E:\Kodingan Taso\node_modules\raw-body\index.js:227:7)
    at IncomingMessage.onEnd (E:\Kodingan Taso\node_modules\raw-body\index.js:287:7)
    at IncomingMessage.emit (node:events:518:28)
    at endReadableNT (node:internal/streams/readable:1698:12)
[2026-05-16 23:00:27] [31merror[39m: [31mUnexpected end of JSON input[39m
SyntaxError: Unexpected end of JSON input
    at JSON.parse (<anonymous>)
    at createStrictSyntaxError (E:\Kodingan Taso\node_modules\body-parser\lib\types\json.js:109:10)
    at parse (E:\Kodingan Taso\node_modules\body-parser\lib\types\json.js:66:15)
    at E:\Kodingan Taso\node_modules\body-parser\lib\read.js:162:18
    at AsyncResource.runInAsyncScope (node:async_hooks:211:14)
    at invokeCallback (E:\Kodingan Taso\node_modules\raw-body\index.js:238:16)
    at done (E:\Kodingan Taso\node_modules\raw-body\index.js:227:7)
    at IncomingMessage.onEnd (E:\Kodingan Taso\node_modules\raw-body\index.js:287:7)
    at IncomingMessage.emit (node:events:518:28)
    at endReadableNT (node:internal/streams/readable:1698:12)
[2026-05-16 23:00:49] [32mhttp[39m: [32m[0mGET /api/health [32m200[0m 0.798 ms - 113[0m[39m
[2026-05-16 23:11:24] [32minfo[39m: [32mMematikan server...[39m
[2026-05-16 23:35:09] [32minfo[39m: [32mKoneksi database berhasil[39m
[2026-05-16 23:35:09] [32minfo[39m: [32mServer berjalan di http://localhost:3000[39m
[2026-05-16 23:35:09] [32minfo[39m: [32mEnvironment: development[39m
[2026-05-16 23:35:14] [32minfo[39m: [32mMematikan server...[39m
[2026-05-16 23:35:18] [32minfo[39m: [32mKoneksi database berhasil[39m
[2026-05-16 23:35:18] [32minfo[39m: [32mServer berjalan di http://localhost:3000[39m
[2026-05-16 23:35:18] [32minfo[39m: [32mEnvironment: development[39m
[2026-05-16 23:35:49] [32mhttp[39m: [32m[0mGET /api/users/ [31m500[0m 1.977 ms - 86[0m[39m
[2026-05-16 23:37:23] [32minfo[39m: [32mMematikan server...[39m
[2026-05-16 23:37:37] [32minfo[39m: [32mKoneksi database berhasil[39m
[2026-05-16 23:37:37] [32minfo[39m: [32mServer berjalan di http://localhost:3000[39m
[2026-05-16 23:37:37] [32minfo[39m: [32mEnvironment: development[39m
[2026-05-16 23:37:39] [32mhttp[39m: [32m[0mGET /api/users/ [32m200[0m 185.828 ms - 26[0m[39m
[2026-05-16 23:38:20] [32minfo[39m: [32mKoneksi database berhasil[39m
[2026-05-16 23:38:20] [32minfo[39m: [32mServer berjalan di http://localhost:3000[39m
[2026-05-16 23:38:20] [32minfo[39m: [32mEnvironment: development[39m
[2026-05-16 23:42:58] [32minfo[39m: [32mKoneksi database berhasil[39m
[2026-05-16 23:42:58] [32minfo[39m: [32mServer berjalan di http://localhost:3000[39m
[2026-05-16 23:42:58] [32minfo[39m: [32mEnvironment: development[39m
[2026-05-16 23:43:47] [32minfo[39m: [32mKoneksi database berhasil[39m
[2026-05-16 23:43:47] [32minfo[39m: [32mServer berjalan di http://localhost:3000[39m
[2026-05-16 23:43:47] [32minfo[39m: [32mEnvironment: development[39m
[2026-05-16 23:44:08] [32minfo[39m: [32mKoneksi database berhasil[39m
[2026-05-16 23:44:08] [32minfo[39m: [32mServer berjalan di http://localhost:3000[39m
[2026-05-16 23:44:08] [32minfo[39m: [32mEnvironment: development[39m
[2026-05-16 23:44:23] [32minfo[39m: [32mKoneksi database berhasil[39m
[2026-05-16 23:44:23] [32minfo[39m: [32mServer berjalan di http://localhost:3000[39m
[2026-05-16 23:44:23] [32minfo[39m: [32mEnvironment: development[39m
[2026-05-16 23:45:05] [32minfo[39m: [32mKoneksi database berhasil[39m
[2026-05-16 23:45:05] [32minfo[39m: [32mServer berjalan di http://localhost:3000[39m
[2026-05-16 23:45:05] [32minfo[39m: [32mEnvironment: development[39m
[2026-05-16 23:45:42] [32mhttp[39m: [32m[0mPOST /api/users/ [31m500[0m 1.692 ms - 68[0m[39m
[2026-05-16 23:46:06] [32mhttp[39m: [32m[0mGET /api/users/ [32m200[0m 175.601 ms - 26[0m[39m
[2026-05-16 23:46:11] [32mhttp[39m: [32m[0mPOST /api/users/ [31m500[0m 0.478 ms - 68[0m[39m
[2026-05-16 23:46:17] [32minfo[39m: [32mKoneksi database berhasil[39m
[2026-05-16 23:46:17] [32minfo[39m: [32mServer berjalan di http://localhost:3000[39m
[2026-05-16 23:46:17] [32minfo[39m: [32mEnvironment: development[39m
[2026-05-16 23:46:39] [32minfo[39m: [32mKoneksi database berhasil[39m
[2026-05-16 23:46:39] [32minfo[39m: [32mServer berjalan di http://localhost:3000[39m
[2026-05-16 23:46:39] [32minfo[39m: [32mEnvironment: development[39m
[2026-05-16 23:46:42] [32mhttp[39m: [32m[0mPOST /api/users/ [32m201[0m 92.389 ms - 98[0m[39m
[2026-05-16 23:46:47] [32mhttp[39m: [32m[0mGET /api/users/ [32m200[0m 9.234 ms - 100[0m[39m
[2026-05-16 23:54:57] [32minfo[39m: [32mKoneksi database berhasil[39m
[2026-05-16 23:54:57] [32minfo[39m: [32mServer berjalan di http://localhost:3000[39m
[2026-05-16 23:54:57] [32minfo[39m: [32mEnvironment: development[39m
[2026-05-16 23:55:11] [32minfo[39m: [32mKoneksi database berhasil[39m
[2026-05-16 23:55:11] [32minfo[39m: [32mServer berjalan di http://localhost:3000[39m
[2026-05-16 23:55:11] [32minfo[39m: [32mEnvironment: development[39m
[2026-05-16 23:55:12] [32minfo[39m: [32mMematikan server...[39m
